// Jest Snapshot v1, https://goo.gl/fbAQLP

exports[`renders AccountDetails with data 1`] = `"<div class=\\"AccountDetails\\"><div class=\\"container\\"><div class=\\"Summary\\"><h2>Summary</h2><div class=\\"row\\"><div class=\\"Summary-avatar\\"><canvas class=\\"identicon\\" style=\\"width:200px;height:200px\\"></canvas></div><div class=\\"Summary-info\\"><div><label class=\\"form-label\\"><b>Address</b></label><p>3EaWcuNXQrW2JTGy5Cotm4pftovW8UfR2o</p></div><div><label class=\\"form-label\\"><b>Balance</b></label><p>21908.26075833 BTC</p></div><div><label class=\\"form-label\\"><b>Transactions made</b></label><p>15808</p></div></div></div></div><div><h2>Transaction List</h2><div class=\\"justify-content-md-end row\\"><label class=\\"TransactionList-radio form-label\\"><b>Filters: </b></label><div class=\\"TransactionList-filters\\"><div class=\\"TransactionList-radio custom-control custom-radio\\"><input type=\\"radio\\" checked=\\"\\" value=\\"4\\" id=\\"All\\" class=\\"custom-control-input\\"/><label title=\\"\\" type=\\"checkbox\\" for=\\"All\\" class=\\"custom-control-label\\">All</label></div><div class=\\"TransactionList-radio custom-control custom-radio\\"><input type=\\"radio\\" value=\\"1\\" id=\\"Sent\\" class=\\"custom-control-input\\"/><label title=\\"\\" type=\\"checkbox\\" for=\\"Sent\\" class=\\"custom-control-label\\">Sent</label></div><div class=\\"TransactionList-radio custom-control custom-radio\\"><input type=\\"radio\\" value=\\"2\\" id=\\"Received\\" class=\\"custom-control-input\\"/><label title=\\"\\" type=\\"checkbox\\" for=\\"Received\\" class=\\"custom-control-label\\">Received</label></div></div></div><div class=\\"table-responsive-lg\\"><table class=\\"table TransactionTable\\"><thead><tr><th>Hash</th><th>Date</th><th>Amount</th></tr></thead><tbody><tr class=\\"row-transaction row-recieve \\"><td></td><td>7/26/2019, 11:24:28 PM</td><td>+ 0.54154317 BTC</td></tr><tr class=\\"TransactionTable-details\\"></tr></tbody></table></div><div class=\\"TransactionList-pagination\\"><ul class=\\"rc-pagination\\" unselectable=\\"unselectable\\"><li title=\\"上一页\\" class=\\"rc-pagination-disabled rc-pagination-prev\\" aria-disabled=\\"true\\"><a class=\\"rc-pagination-item-link\\"></a></li><li title=\\"1\\" class=\\"rc-pagination-item rc-pagination-item-1 rc-pagination-item-active\\" tabindex=\\"0\\"><a>1</a></li><li title=\\"2\\" class=\\"rc-pagination-item rc-pagination-item-2\\" tabindex=\\"0\\"><a>2</a></li><li title=\\"3\\" class=\\"rc-pagination-item rc-pagination-item-3\\" tabindex=\\"0\\"><a>3</a></li><li title=\\"4\\" class=\\"rc-pagination-item rc-pagination-item-4\\" tabindex=\\"0\\"><a>4</a></li><li title=\\"5\\" class=\\"rc-pagination-item rc-pagination-item-5 rc-pagination-item-before-jump-next\\" tabindex=\\"0\\"><a>5</a></li><li title=\\"向后 5 页\\" tabindex=\\"0\\" class=\\"rc-pagination-jump-next\\"><a class=\\"rc-pagination-item-link\\"></a></li><li title=\\"316\\" class=\\"rc-pagination-item rc-pagination-item-316\\" tabindex=\\"0\\"><a>316</a></li><li title=\\"下一页\\" tabindex=\\"0\\" class=\\" rc-pagination-next\\" aria-disabled=\\"false\\"><a class=\\"rc-pagination-item-link\\"></a></li></ul></div></div></div></div>"`;

exports[`renders AccountDetails with no data 1`] = `"No data"`;
